prisma/add-demo-creds.ts(16,13): error TS2820: Type '"CampusHead"' is not assignable to type 'AdminRole | undefined'. Did you mean '"Campus_Head"'?
prisma/add-demo-creds.ts(28,13): error TS2820: Type '"Admission Admin"' is not assignable to type 'AdminRole | undefined'. Did you mean '"Admission_Admin"'?
prisma/seed-production.ts(45,17): error TS2322: Type 'string' is not assignable to type 'EnumAdminRoleFieldUpdateOperationsInput | AdminRole | undefined'.
prisma/seed-production.ts(52,17): error TS2322: Type 'string' is not assignable to type 'AdminRole | undefined'.
prisma/seed.ts(59,17): error TS2322: Type 'string' is not assignable to type 'AdminRole | undefined'.
prisma/seed.ts(154,21): error TS2322: Type 'string' is not assignable to type 'UserRole | undefined'.
src/app/(main)/superadmin/page.tsx(94,17): error TS2322: Type '{ analytics: SystemAnalytics; campusComparison: CampusComparison[]; users: any; admins: any; students: any; currentUser: any; initialView: string; marketingAssets: any; systemSettings: any; growthTrend: { ...; }[]; urgentTicketCount: number; }' is not assignable to type 'IntrinsicAttributes & Props'.
  Property 'systemSettings' does not exist on type 'IntrinsicAttributes & Props'.
src/app/backup-actions.ts(36,20): error TS2339: Property 'feeStructure' does not exist on type 'PrismaClient<PrismaClientOptions, never, DefaultArgs>'.
src/app/backup-actions.ts(126,22): error TS2339: Property 'feeStructure' does not exist on type 'Omit<PrismaClient<PrismaClientOptions, never, DefaultArgs>, "$connect" | "$disconnect" | "$on" | "$transaction" | "$use" | "$extends">'.
src/app/backup-actions.ts(142,26): error TS2339: Property 'feeStructure' does not exist on type 'Omit<PrismaClient<PrismaClientOptions, never, DefaultArgs>, "$connect" | "$disconnect" | "$on" | "$transaction" | "$use" | "$extends">'.
src/app/deletion-actions.ts(19,17): error TS2322: Type '"Deletion_Requested"' is not assignable to type 'AccountStatus | EnumAccountStatusFieldUpdateOperationsInput | undefined'.
src/app/deletion-actions.ts(44,22): error TS2322: Type '"Deletion_Requested"' is not assignable to type 'EnumAccountStatusFilter<"User"> | AccountStatus | undefined'.
src/app/deletion-actions.ts(79,17): error TS2322: Type '"Deleted"' is not assignable to type 'AccountStatus | EnumAccountStatusFieldUpdateOperationsInput | undefined'.
src/app/reset-actions.ts(56,49): error TS2339: Property 'adminName' does not exist on type '{ userId: number; campusId: number | null; fullName: string; mobileNumber: string; role: string; adminId: number; adminMobile: string; adminName: string; assignedCampus: string | null; createdAt: Date; ... 4 more ...; status: AccountStatus; } | { ...; } | { ...; }'.
  Property 'adminName' does not exist on type '{ assignedCampus: string; role: string; createdAt: Date; profileImage: string | null; email: string | null; address: string | null; password: string | null; status: AccountStatus; ... 23 more ...; benefitStatus: AccountStatus; }'.
src/app/student-actions.ts(404,33): error TS2322: Type '"Student"' is not assignable to type 'UserRole | NestedEnumUserRoleFilter<"User"> | undefined'.
src/components/superadmin/ImportDataPanel.tsx(41,29): error TS2322: Type 'number | undefined' is not assignable to type 'number'.
  Type 'undefined' is not assignable to type 'number'.
src/components/superadmin/ReferralPanel.tsx(56,17): error TS2322: Type '{ initialSearch: string; referrals: any[]; confirmReferral: (leadId: number) => Promise<void>; convertLeadToStudent: (leadId: number, studentDetails: { studentName: string; section?: string | undefined; rollNumber?: string | undefined; }) => Promise<...>; isSuperAdmin: boolean; }' is not assignable to type 'IntrinsicAttributes & ReferralTableProps'.
  Property 'initialSearch' does not exist on type 'IntrinsicAttributes & ReferralTableProps'.
src/components/superadmin/SecurityPanel.tsx(21,17): error TS2339: Property 'success' does not exist on type '{ id: number; updatedAt: Date; updatedBy: string | null; sessionTimeoutMinutes: number; maxLoginAttempts: number; passwordResetExpiryHours: number; twoFactorAuthEnabled: boolean; ipWhitelist: string | null; } | { ...; }'.
  Property 'success' does not exist on type '{ id: number; updatedAt: Date; updatedBy: string | null; sessionTimeoutMinutes: number; maxLoginAttempts: number; passwordResetExpiryHours: number; twoFactorAuthEnabled: boolean; ipWhitelist: string | null; }'.
src/components/superadmin/SecurityPanel.tsx(21,32): error TS2339: Property 'settings' does not exist on type '{ id: number; updatedAt: Date; updatedBy: string | null; sessionTimeoutMinutes: number; maxLoginAttempts: number; passwordResetExpiryHours: number; twoFactorAuthEnabled: boolean; ipWhitelist: string | null; } | { ...; }'.
  Property 'settings' does not exist on type '{ id: number; updatedAt: Date; updatedBy: string | null; sessionTimeoutMinutes: number; maxLoginAttempts: number; passwordResetExpiryHours: number; twoFactorAuthEnabled: boolean; ipWhitelist: string | null; }'.
src/components/superadmin/SecurityPanel.tsx(22,29): error TS2339: Property 'settings' does not exist on type '{ id: number; updatedAt: Date; updatedBy: string | null; sessionTimeoutMinutes: number; maxLoginAttempts: number; passwordResetExpiryHours: number; twoFactorAuthEnabled: boolean; ipWhitelist: string | null; } | { ...; }'.
  Property 'settings' does not exist on type '{ id: number; updatedAt: Date; updatedBy: string | null; sessionTimeoutMinutes: number; maxLoginAttempts: number; passwordResetExpiryHours: number; twoFactorAuthEnabled: boolean; ipWhitelist: string | null; }'.
src/components/superadmin/SecurityPanel.tsx(54,29): error TS2339: Property 'settings' does not exist on type '{ success: boolean; error: string; } | { success: boolean; error?: undefined; }'.
  Property 'settings' does not exist on type '{ success: boolean; error: string; }'.
src/components/superadmin/SecurityPanel.tsx(71,29): error TS2339: Property 'settings' does not exist on type '{ success: boolean; error: string; } | { success: boolean; error?: undefined; }'.
  Property 'settings' does not exist on type '{ success: boolean; error: string; }'.
src/components/superadmin/SecurityPanel.tsx(86,52): error TS2353: Object literal may only specify known properties, and 'maintenanceMode' does not exist in type '{ sessionTimeoutMinutes?: number | undefined; maxLoginAttempts?: number | undefined; passwordResetExpiryHours?: number | undefined; twoFactorAuthEnabled?: boolean | undefined; ipWhitelist?: string | undefined; }'.
src/components/superadmin/SecurityPanel.tsx(89,29): error TS2339: Property 'settings' does not exist on type '{ success: boolean; error: string; } | { success: boolean; error?: undefined; }'.
  Property 'settings' does not exist on type '{ success: boolean; error: string; }'.
src/lib/rate-limit.ts(18,37): error TS2339: Property 'rateLimit' does not exist on type 'PrismaClient<PrismaClientOptions, never, DefaultArgs>'.
src/lib/rate-limit.ts(24,26): error TS2339: Property 'rateLimit' does not exist on type 'PrismaClient<PrismaClientOptions, never, DefaultArgs>'.
src/lib/rate-limit.ts(36,26): error TS2339: Property 'rateLimit' does not exist on type 'PrismaClient<PrismaClientOptions, never, DefaultArgs>'.
src/lib/rate-limit.ts(52,38): error TS2339: Property 'rateLimit' does not exist on type 'PrismaClient<PrismaClientOptions, never, DefaultArgs>'.
