prisma/add-demo-creds.ts(16,13): error TS2820: Type '"CampusHead"' is not assignable to type 'AdminRole | undefined'. Did you mean '"Campus_Head"'?
prisma/add-demo-creds.ts(28,13): error TS2820: Type '"Admission Admin"' is not assignable to type 'AdminRole | undefined'. Did you mean '"Admission_Admin"'?
prisma/seed-analytics.ts(31,17): error TS2322: Type 'string' is not assignable to type 'UserRole | undefined'.
prisma/seed-production.ts(45,17): error TS2322: Type 'string' is not assignable to type 'EnumAdminRoleFieldUpdateOperationsInput | AdminRole | undefined'.
prisma/seed-production.ts(52,17): error TS2322: Type 'string' is not assignable to type 'AdminRole | undefined'.
prisma/seed.ts(59,17): error TS2322: Type 'string' is not assignable to type 'AdminRole | undefined'.
prisma/seed.ts(154,21): error TS2322: Type 'string' is not assignable to type 'UserRole | undefined'.
src/app/(main)/admin/admin-client.tsx(196,44): error TS2339: Property 'campusPerformance' does not exist on type '{ role: string; id: number; updatedAt: Date; updatedBy: string | null; analyticsAccess: boolean; analyticsScope: string; userMgmtAccess: boolean; userMgmtScope: string; userMgmtCreate: boolean; ... 41 more ...; engagementCentreScope: string; }'.
src/app/(main)/admin/admin-client.tsx(207,44): error TS2339: Property 'userManagement' does not exist on type '{ role: string; id: number; updatedAt: Date; updatedBy: string | null; analyticsAccess: boolean; analyticsScope: string; userMgmtAccess: boolean; userMgmtScope: string; userMgmtCreate: boolean; ... 41 more ...; engagementCentreScope: string; }'.
src/app/(main)/admin/admin-client.tsx(218,44): error TS2339: Property 'studentManagement' does not exist on type '{ role: string; id: number; updatedAt: Date; updatedBy: string | null; analyticsAccess: boolean; analyticsScope: string; userMgmtAccess: boolean; userMgmtScope: string; userMgmtCreate: boolean; ... 41 more ...; engagementCentreScope: string; }'.
src/app/(main)/admin/admin-client.tsx(229,44): error TS2339: Property 'analytics' does not exist on type '{ role: string; id: number; updatedAt: Date; updatedBy: string | null; analyticsAccess: boolean; analyticsScope: string; userMgmtAccess: boolean; userMgmtScope: string; userMgmtCreate: boolean; ... 41 more ...; engagementCentreScope: string; }'.
src/app/(main)/admin/admin-client.tsx(303,58): error TS2339: Property 'campusPerformance' does not exist on type '{ role: string; id: number; updatedAt: Date; updatedBy: string | null; analyticsAccess: boolean; analyticsScope: string; userMgmtAccess: boolean; userMgmtScope: string; userMgmtCreate: boolean; ... 41 more ...; engagementCentreScope: string; }'.
src/app/(main)/admin/admin-client.tsx(395,78): error TS2339: Property 'analytics' does not exist on type '{ role: string; id: number; updatedAt: Date; updatedBy: string | null; analyticsAccess: boolean; analyticsScope: string; userMgmtAccess: boolean; userMgmtScope: string; userMgmtCreate: boolean; ... 41 more ...; engagementCentreScope: string; }'.
src/app/(main)/admin/admin-client.tsx(481,50): error TS2551: Property 'referralTracking' does not exist on type '{ role: string; id: number; updatedAt: Date; updatedBy: string | null; analyticsAccess: boolean; analyticsScope: string; userMgmtAccess: boolean; userMgmtScope: string; userMgmtCreate: boolean; ... 41 more ...; engagementCentreScope: string; }'. Did you mean 'referralTrackingScope'?
src/app/(main)/admin/admin-client.tsx(487,55): error TS2339: Property 'userManagement' does not exist on type '{ role: string; id: number; updatedAt: Date; updatedBy: string | null; analyticsAccess: boolean; analyticsScope: string; userMgmtAccess: boolean; userMgmtScope: string; userMgmtCreate: boolean; ... 41 more ...; engagementCentreScope: string; }'.
src/app/(main)/admin/admin-client.tsx(603,56): error TS2339: Property 'adminManagement' does not exist on type '{ role: string; id: number; updatedAt: Date; updatedBy: string | null; analyticsAccess: boolean; analyticsScope: string; userMgmtAccess: boolean; userMgmtScope: string; userMgmtCreate: boolean; ... 41 more ...; engagementCentreScope: string; }'.
src/app/(main)/admin/admin-client.tsx(664,58): error TS2339: Property 'studentManagement' does not exist on type '{ role: string; id: number; updatedAt: Date; updatedBy: string | null; analyticsAccess: boolean; analyticsScope: string; userMgmtAccess: boolean; userMgmtScope: string; userMgmtCreate: boolean; ... 41 more ...; engagementCentreScope: string; }'.
src/app/(main)/admin/admin-client.tsx(688,43): error TS2339: Property 'studentManagement' does not exist on type '{ role: string; id: number; updatedAt: Date; updatedBy: string | null; analyticsAccess: boolean; analyticsScope: string; userMgmtAccess: boolean; userMgmtScope: string; userMgmtCreate: boolean; ... 41 more ...; engagementCentreScope: string; }'.
src/app/(main)/admin/admin-client.tsx(736,63): error TS2339: Property 'studentManagement' does not exist on type '{ role: string; id: number; updatedAt: Date; updatedBy: string | null; analyticsAccess: boolean; analyticsScope: string; userMgmtAccess: boolean; userMgmtScope: string; userMgmtCreate: boolean; ... 41 more ...; engagementCentreScope: string; }'.
src/app/(main)/admin/admin-client.tsx(770,60): error TS2339: Property 'reports' does not exist on type '{ role: string; id: number; updatedAt: Date; updatedBy: string | null; analyticsAccess: boolean; analyticsScope: string; userMgmtAccess: boolean; userMgmtScope: string; userMgmtCreate: boolean; ... 41 more ...; engagementCentreScope: string; }'.
src/app/(main)/admin/page.tsx(82,17): error TS2322: Type 'RolePermissions | undefined' is not assignable to type '{ role: string; id: number; updatedAt: Date; updatedBy: string | null; analyticsAccess: boolean; analyticsScope: string; userMgmtAccess: boolean; userMgmtScope: string; userMgmtCreate: boolean; ... 41 more ...; engagementCentreScope: string; } | undefined'.
  Type 'RolePermissions' is missing the following properties from type '{ role: string; id: number; updatedAt: Date; updatedBy: string | null; analyticsAccess: boolean; analyticsScope: string; userMgmtAccess: boolean; userMgmtScope: string; userMgmtCreate: boolean; ... 41 more ...; engagementCentreScope: string; }': role, id, updatedAt, updatedBy, and 47 more.
src/app/(main)/referrals/page.tsx(11,70): error TS2367: This comparison appears to be unintentional because the types '"Confirmed" | "Interested" | "Contacted" | "Follow_up" | "Admitted" | "Closed" | "Rejected"' and '"Follow-up"' have no overlap.
src/app/(main)/superadmin/page.tsx(94,17): error TS2322: Type '{ analytics: SystemAnalytics; campusComparison: CampusComparison[]; users: any; admins: any; students: any; currentUser: any; initialView: string; marketingAssets: any; systemSettings: any; growthTrend: { ...; }[]; urgentTicketCount: number; }' is not assignable to type 'IntrinsicAttributes & Props'.
  Property 'systemSettings' does not exist on type 'IntrinsicAttributes & Props'.
src/app/(main)/superadmin/superadmin-client.tsx(172,100): error TS2322: Type 'RolePermissions | { analytics: { access: any; scope: any; }; userManagement: { access: any; scope: any; canCreate: any; canEdit: any; canDelete: any; }; studentManagement: { access: any; scope: any; canCreate: any; canEdit: any; canDelete: any; }; ... 15 more ...; engagementCentre: { ...; }; }' is not assignable to type '{ role: string; id: number; updatedAt: Date; updatedBy: string | null; analyticsAccess: boolean; analyticsScope: string; userMgmtAccess: boolean; userMgmtScope: string; userMgmtCreate: boolean; ... 41 more ...; engagementCentreScope: string; }'.
  Type 'RolePermissions' is missing the following properties from type '{ role: string; id: number; updatedAt: Date; updatedBy: string | null; analyticsAccess: boolean; analyticsScope: string; userMgmtAccess: boolean; userMgmtScope: string; userMgmtCreate: boolean; ... 41 more ...; engagementCentreScope: string; }': role, id, updatedAt, updatedBy, and 47 more.
src/app/backup-actions.ts(36,20): error TS2339: Property 'feeStructure' does not exist on type 'PrismaClient<PrismaClientOptions, never, DefaultArgs>'.
src/app/backup-actions.ts(126,22): error TS2339: Property 'feeStructure' does not exist on type 'Omit<PrismaClient<PrismaClientOptions, never, DefaultArgs>, "$connect" | "$disconnect" | "$on" | "$transaction" | "$use" | "$extends">'.
src/app/backup-actions.ts(142,26): error TS2339: Property 'feeStructure' does not exist on type 'Omit<PrismaClient<PrismaClientOptions, never, DefaultArgs>, "$connect" | "$disconnect" | "$on" | "$transaction" | "$use" | "$extends">'.
src/app/bulk-admin-actions.ts(18,26): error TS2820: Type '"Super Admin"' is not assignable to type 'AdminRole | EnumAdminRoleFilter<"Admin"> | undefined'. Did you mean '"Super_Admin"'?
src/app/bulk-admin-actions.ts(24,21): error TS2820: Type '"Super Admin"' is not assignable to type 'AdminRole | EnumAdminRoleFilter<"Admin"> | undefined'. Did you mean '"Super_Admin"'?
src/app/deletion-actions.ts(19,17): error TS2322: Type '"Deletion Requested"' is not assignable to type 'EnumAccountStatusFieldUpdateOperationsInput | AccountStatus | undefined'.
src/app/deletion-actions.ts(44,22): error TS2322: Type '"Deletion Requested"' is not assignable to type 'AccountStatus | EnumAccountStatusFilter<"User"> | undefined'.
src/app/deletion-actions.ts(79,17): error TS2322: Type '"Deleted"' is not assignable to type 'EnumAccountStatusFieldUpdateOperationsInput | AccountStatus | undefined'.
src/app/permission-actions.ts(98,46): error TS2339: Property 'analytics' does not exist on type '{ role: string; id: number; updatedAt: Date; updatedBy: string | null; analyticsAccess: boolean; analyticsScope: string; userMgmtAccess: boolean; userMgmtScope: string; userMgmtCreate: boolean; ... 41 more ...; engagementCentreScope: string; }'.
src/app/permission-actions.ts(99,45): error TS2339: Property 'analytics' does not exist on type '{ role: string; id: number; updatedAt: Date; updatedBy: string | null; analyticsAccess: boolean; analyticsScope: string; userMgmtAccess: boolean; userMgmtScope: string; userMgmtCreate: boolean; ... 41 more ...; engagementCentreScope: string; }'.
src/app/permission-actions.ts(100,45): error TS2339: Property 'userManagement' does not exist on type '{ role: string; id: number; updatedAt: Date; updatedBy: string | null; analyticsAccess: boolean; analyticsScope: string; userMgmtAccess: boolean; userMgmtScope: string; userMgmtCreate: boolean; ... 41 more ...; engagementCentreScope: string; }'.
src/app/permission-actions.ts(101,44): error TS2339: Property 'userManagement' does not exist on type '{ role: string; id: number; updatedAt: Date; updatedBy: string | null; analyticsAccess: boolean; analyticsScope: string; userMgmtAccess: boolean; userMgmtScope: string; userMgmtCreate: boolean; ... 41 more ...; engagementCentreScope: string; }'.
src/app/permission-actions.ts(102,45): error TS2339: Property 'userManagement' does not exist on type '{ role: string; id: number; updatedAt: Date; updatedBy: string | null; analyticsAccess: boolean; analyticsScope: string; userMgmtAccess: boolean; userMgmtScope: string; userMgmtCreate: boolean; ... 41 more ...; engagementCentreScope: string; }'.
src/app/permission-actions.ts(103,43): error TS2339: Property 'userManagement' does not exist on type '{ role: string; id: number; updatedAt: Date; updatedBy: string | null; analyticsAccess: boolean; analyticsScope: string; userMgmtAccess: boolean; userMgmtScope: string; userMgmtCreate: boolean; ... 41 more ...; engagementCentreScope: string; }'.
src/app/permission-actions.ts(104,45): error TS2339: Property 'userManagement' does not exist on type '{ role: string; id: number; updatedAt: Date; updatedBy: string | null; analyticsAccess: boolean; analyticsScope: string; userMgmtAccess: boolean; userMgmtScope: string; userMgmtCreate: boolean; ... 41 more ...; engagementCentreScope: string; }'.
src/app/permission-actions.ts(105,48): error TS2339: Property 'studentManagement' does not exist on type '{ role: string; id: number; updatedAt: Date; updatedBy: string | null; analyticsAccess: boolean; analyticsScope: string; userMgmtAccess: boolean; userMgmtScope: string; userMgmtCreate: boolean; ... 41 more ...; engagementCentreScope: string; }'.
src/app/permission-actions.ts(106,47): error TS2339: Property 'studentManagement' does not exist on type '{ role: string; id: number; updatedAt: Date; updatedBy: string | null; analyticsAccess: boolean; analyticsScope: string; userMgmtAccess: boolean; userMgmtScope: string; userMgmtCreate: boolean; ... 41 more ...; engagementCentreScope: string; }'.
src/app/permission-actions.ts(107,48): error TS2339: Property 'studentManagement' does not exist on type '{ role: string; id: number; updatedAt: Date; updatedBy: string | null; analyticsAccess: boolean; analyticsScope: string; userMgmtAccess: boolean; userMgmtScope: string; userMgmtCreate: boolean; ... 41 more ...; engagementCentreScope: string; }'.
src/app/permission-actions.ts(108,46): error TS2339: Property 'studentManagement' does not exist on type '{ role: string; id: number; updatedAt: Date; updatedBy: string | null; analyticsAccess: boolean; analyticsScope: string; userMgmtAccess: boolean; userMgmtScope: string; userMgmtCreate: boolean; ... 41 more ...; engagementCentreScope: string; }'.
src/app/permission-actions.ts(109,48): error TS2339: Property 'studentManagement' does not exist on type '{ role: string; id: number; updatedAt: Date; updatedBy: string | null; analyticsAccess: boolean; analyticsScope: string; userMgmtAccess: boolean; userMgmtScope: string; userMgmtCreate: boolean; ... 41 more ...; engagementCentreScope: string; }'.
src/app/permission-actions.ts(110,46): error TS2339: Property 'adminManagement' does not exist on type '{ role: string; id: number; updatedAt: Date; updatedBy: string | null; analyticsAccess: boolean; analyticsScope: string; userMgmtAccess: boolean; userMgmtScope: string; userMgmtCreate: boolean; ... 41 more ...; engagementCentreScope: string; }'.
src/app/permission-actions.ts(111,45): error TS2339: Property 'adminManagement' does not exist on type '{ role: string; id: number; updatedAt: Date; updatedBy: string | null; analyticsAccess: boolean; analyticsScope: string; userMgmtAccess: boolean; userMgmtScope: string; userMgmtCreate: boolean; ... 41 more ...; engagementCentreScope: string; }'.
src/app/permission-actions.ts(112,46): error TS2339: Property 'adminManagement' does not exist on type '{ role: string; id: number; updatedAt: Date; updatedBy: string | null; analyticsAccess: boolean; analyticsScope: string; userMgmtAccess: boolean; userMgmtScope: string; userMgmtCreate: boolean; ... 41 more ...; engagementCentreScope: string; }'.
src/app/permission-actions.ts(113,44): error TS2339: Property 'adminManagement' does not exist on type '{ role: string; id: number; updatedAt: Date; updatedBy: string | null; analyticsAccess: boolean; analyticsScope: string; userMgmtAccess: boolean; userMgmtScope: string; userMgmtCreate: boolean; ... 41 more ...; engagementCentreScope: string; }'.
src/app/permission-actions.ts(114,46): error TS2339: Property 'adminManagement' does not exist on type '{ role: string; id: number; updatedAt: Date; updatedBy: string | null; analyticsAccess: boolean; analyticsScope: string; userMgmtAccess: boolean; userMgmtScope: string; userMgmtCreate: boolean; ... 41 more ...; engagementCentreScope: string; }'.
src/app/permission-actions.ts(115,47): error TS2339: Property 'campusPerformance' does not exist on type '{ role: string; id: number; updatedAt: Date; updatedBy: string | null; analyticsAccess: boolean; analyticsScope: string; userMgmtAccess: boolean; userMgmtScope: string; userMgmtCreate: boolean; ... 41 more ...; engagementCentreScope: string; }'.
src/app/permission-actions.ts(116,46): error TS2339: Property 'campusPerformance' does not exist on type '{ role: string; id: number; updatedAt: Date; updatedBy: string | null; analyticsAccess: boolean; analyticsScope: string; userMgmtAccess: boolean; userMgmtScope: string; userMgmtCreate: boolean; ... 41 more ...; engagementCentreScope: string; }'.
src/app/permission-actions.ts(117,44): error TS2339: Property 'reports' does not exist on type '{ role: string; id: number; updatedAt: Date; updatedBy: string | null; analyticsAccess: boolean; analyticsScope: string; userMgmtAccess: boolean; userMgmtScope: string; userMgmtCreate: boolean; ... 41 more ...; engagementCentreScope: string; }'.
src/app/permission-actions.ts(118,43): error TS2339: Property 'reports' does not exist on type '{ role: string; id: number; updatedAt: Date; updatedBy: string | null; analyticsAccess: boolean; analyticsScope: string; userMgmtAccess: boolean; userMgmtScope: string; userMgmtCreate: boolean; ... 41 more ...; engagementCentreScope: string; }'.
src/app/permission-actions.ts(119,48): error TS2339: Property 'settlements' does not exist on type '{ role: string; id: number; updatedAt: Date; updatedBy: string | null; analyticsAccess: boolean; analyticsScope: string; userMgmtAccess: boolean; userMgmtScope: string; userMgmtCreate: boolean; ... 41 more ...; engagementCentreScope: string; }'.
src/app/permission-actions.ts(120,47): error TS2339: Property 'settlements' does not exist on type '{ role: string; id: number; updatedAt: Date; updatedBy: string | null; analyticsAccess: boolean; analyticsScope: string; userMgmtAccess: boolean; userMgmtScope: string; userMgmtCreate: boolean; ... 41 more ...; engagementCentreScope: string; }'.
src/app/permission-actions.ts(121,49): error TS2339: Property 'marketingKit' does not exist on type '{ role: string; id: number; updatedAt: Date; updatedBy: string | null; analyticsAccess: boolean; analyticsScope: string; userMgmtAccess: boolean; userMgmtScope: string; userMgmtCreate: boolean; ... 41 more ...; engagementCentreScope: string; }'.
src/app/permission-actions.ts(122,48): error TS2339: Property 'marketingKit' does not exist on type '{ role: string; id: number; updatedAt: Date; updatedBy: string | null; analyticsAccess: boolean; analyticsScope: string; userMgmtAccess: boolean; userMgmtScope: string; userMgmtCreate: boolean; ... 41 more ...; engagementCentreScope: string; }'.
src/app/permission-actions.ts(123,45): error TS2339: Property 'auditLog' does not exist on type '{ role: string; id: number; updatedAt: Date; updatedBy: string | null; analyticsAccess: boolean; analyticsScope: string; userMgmtAccess: boolean; userMgmtScope: string; userMgmtCreate: boolean; ... 41 more ...; engagementCentreScope: string; }'.
src/app/permission-actions.ts(124,44): error TS2339: Property 'auditLog' does not exist on type '{ role: string; id: number; updatedAt: Date; updatedBy: string | null; analyticsAccess: boolean; analyticsScope: string; userMgmtAccess: boolean; userMgmtScope: string; userMgmtCreate: boolean; ... 41 more ...; engagementCentreScope: string; }'.
src/app/permission-actions.ts(125,48): error TS2339: Property 'supportDesk' does not exist on type '{ role: string; id: number; updatedAt: Date; updatedBy: string | null; analyticsAccess: boolean; analyticsScope: string; userMgmtAccess: boolean; userMgmtScope: string; userMgmtCreate: boolean; ... 41 more ...; engagementCentreScope: string; }'.
src/app/permission-actions.ts(126,47): error TS2339: Property 'supportDesk' does not exist on type '{ role: string; id: number; updatedAt: Date; updatedBy: string | null; analyticsAccess: boolean; analyticsScope: string; userMgmtAccess: boolean; userMgmtScope: string; userMgmtCreate: boolean; ... 41 more ...; engagementCentreScope: string; }'.
src/app/permission-actions.ts(127,45): error TS2339: Property 'settings' does not exist on type '{ role: string; id: number; updatedAt: Date; updatedBy: string | null; analyticsAccess: boolean; analyticsScope: string; userMgmtAccess: boolean; userMgmtScope: string; userMgmtCreate: boolean; ... 41 more ...; engagementCentreScope: string; }'.
src/app/permission-actions.ts(128,44): error TS2339: Property 'settings' does not exist on type '{ role: string; id: number; updatedAt: Date; updatedBy: string | null; analyticsAccess: boolean; analyticsScope: string; userMgmtAccess: boolean; userMgmtScope: string; userMgmtCreate: boolean; ... 41 more ...; engagementCentreScope: string; }'.
src/app/permission-actions.ts(129,48): error TS2339: Property 'deletionHub' does not exist on type '{ role: string; id: number; updatedAt: Date; updatedBy: string | null; analyticsAccess: boolean; analyticsScope: string; userMgmtAccess: boolean; userMgmtScope: string; userMgmtCreate: boolean; ... 41 more ...; engagementCentreScope: string; }'.
src/app/permission-actions.ts(130,47): error TS2339: Property 'deletionHub' does not exist on type '{ role: string; id: number; updatedAt: Date; updatedBy: string | null; analyticsAccess: boolean; analyticsScope: string; userMgmtAccess: boolean; userMgmtScope: string; userMgmtCreate: boolean; ... 41 more ...; engagementCentreScope: string; }'.
src/app/permission-actions.ts(131,55): error TS2551: Property 'referralSubmission' does not exist on type '{ role: string; id: number; updatedAt: Date; updatedBy: string | null; analyticsAccess: boolean; analyticsScope: string; userMgmtAccess: boolean; userMgmtScope: string; userMgmtCreate: boolean; ... 41 more ...; engagementCentreScope: string; }'. Did you mean 'referralSubmissionScope'?
src/app/permission-actions.ts(132,54): error TS2551: Property 'referralSubmission' does not exist on type '{ role: string; id: number; updatedAt: Date; updatedBy: string | null; analyticsAccess: boolean; analyticsScope: string; userMgmtAccess: boolean; userMgmtScope: string; userMgmtCreate: boolean; ... 41 more ...; engagementCentreScope: string; }'. Did you mean 'referralSubmissionScope'?
src/app/permission-actions.ts(133,53): error TS2551: Property 'referralTracking' does not exist on type '{ role: string; id: number; updatedAt: Date; updatedBy: string | null; analyticsAccess: boolean; analyticsScope: string; userMgmtAccess: boolean; userMgmtScope: string; userMgmtCreate: boolean; ... 41 more ...; engagementCentreScope: string; }'. Did you mean 'referralTrackingScope'?
src/app/permission-actions.ts(134,52): error TS2551: Property 'referralTracking' does not exist on type '{ role: string; id: number; updatedAt: Date; updatedBy: string | null; analyticsAccess: boolean; analyticsScope: string; userMgmtAccess: boolean; userMgmtScope: string; userMgmtCreate: boolean; ... 41 more ...; engagementCentreScope: string; }'. Did you mean 'referralTrackingScope'?
src/app/permission-actions.ts(135,54): error TS2551: Property 'savingsCalculator' does not exist on type '{ role: string; id: number; updatedAt: Date; updatedBy: string | null; analyticsAccess: boolean; analyticsScope: string; userMgmtAccess: boolean; userMgmtScope: string; userMgmtCreate: boolean; ... 41 more ...; engagementCentreScope: string; }'. Did you mean 'savingsCalculatorScope'?
src/app/permission-actions.ts(136,53): error TS2551: Property 'savingsCalculator' does not exist on type '{ role: string; id: number; updatedAt: Date; updatedBy: string | null; analyticsAccess: boolean; analyticsScope: string; userMgmtAccess: boolean; userMgmtScope: string; userMgmtCreate: boolean; ... 41 more ...; engagementCentreScope: string; }'. Did you mean 'savingsCalculatorScope'?
src/app/permission-actions.ts(137,48): error TS2339: Property 'rulesAccess' does not exist on type '{ role: string; id: number; updatedAt: Date; updatedBy: string | null; analyticsAccess: boolean; analyticsScope: string; userMgmtAccess: boolean; userMgmtScope: string; userMgmtCreate: boolean; ... 41 more ...; engagementCentreScope: string; }'.
src/app/permission-actions.ts(138,47): error TS2339: Property 'rulesAccess' does not exist on type '{ role: string; id: number; updatedAt: Date; updatedBy: string | null; analyticsAccess: boolean; analyticsScope: string; userMgmtAccess: boolean; userMgmtScope: string; userMgmtCreate: boolean; ... 41 more ...; engagementCentreScope: string; }'.
src/app/permission-actions.ts(139,50): error TS2339: Property 'passwordReset' does not exist on type '{ role: string; id: number; updatedAt: Date; updatedBy: string | null; analyticsAccess: boolean; analyticsScope: string; userMgmtAccess: boolean; userMgmtScope: string; userMgmtCreate: boolean; ... 41 more ...; engagementCentreScope: string; }'.
src/app/permission-actions.ts(140,49): error TS2339: Property 'passwordReset' does not exist on type '{ role: string; id: number; updatedAt: Date; updatedBy: string | null; analyticsAccess: boolean; analyticsScope: string; userMgmtAccess: boolean; userMgmtScope: string; userMgmtCreate: boolean; ... 41 more ...; engagementCentreScope: string; }'.
src/app/permission-actions.ts(141,50): error TS2339: Property 'feeManagement' does not exist on type '{ role: string; id: number; updatedAt: Date; updatedBy: string | null; analyticsAccess: boolean; analyticsScope: string; userMgmtAccess: boolean; userMgmtScope: string; userMgmtCreate: boolean; ... 41 more ...; engagementCentreScope: string; }'.
src/app/permission-actions.ts(142,49): error TS2339: Property 'feeManagement' does not exist on type '{ role: string; id: number; updatedAt: Date; updatedBy: string | null; analyticsAccess: boolean; analyticsScope: string; userMgmtAccess: boolean; userMgmtScope: string; userMgmtCreate: boolean; ... 41 more ...; engagementCentreScope: string; }'.
src/app/permission-actions.ts(143,53): error TS2551: Property 'engagementCentre' does not exist on type '{ role: string; id: number; updatedAt: Date; updatedBy: string | null; analyticsAccess: boolean; analyticsScope: string; userMgmtAccess: boolean; userMgmtScope: string; userMgmtCreate: boolean; ... 41 more ...; engagementCentreScope: string; }'. Did you mean 'engagementCentreScope'?
src/app/permission-actions.ts(144,52): error TS2551: Property 'engagementCentre' does not exist on type '{ role: string; id: number; updatedAt: Date; updatedBy: string | null; analyticsAccess: boolean; analyticsScope: string; userMgmtAccess: boolean; userMgmtScope: string; userMgmtCreate: boolean; ... 41 more ...; engagementCentreScope: string; }'. Did you mean 'engagementCentreScope'?
src/app/permission-actions.ts(148,46): error TS2339: Property 'analytics' does not exist on type '{ role: string; id: number; updatedAt: Date; updatedBy: string | null; analyticsAccess: boolean; analyticsScope: string; userMgmtAccess: boolean; userMgmtScope: string; userMgmtCreate: boolean; ... 41 more ...; engagementCentreScope: string; }'.
src/app/permission-actions.ts(149,45): error TS2339: Property 'analytics' does not exist on type '{ role: string; id: number; updatedAt: Date; updatedBy: string | null; analyticsAccess: boolean; analyticsScope: string; userMgmtAccess: boolean; userMgmtScope: string; userMgmtCreate: boolean; ... 41 more ...; engagementCentreScope: string; }'.
src/app/permission-actions.ts(150,45): error TS2339: Property 'userManagement' does not exist on type '{ role: string; id: number; updatedAt: Date; updatedBy: string | null; analyticsAccess: boolean; analyticsScope: string; userMgmtAccess: boolean; userMgmtScope: string; userMgmtCreate: boolean; ... 41 more ...; engagementCentreScope: string; }'.
src/app/permission-actions.ts(151,44): error TS2339: Property 'userManagement' does not exist on type '{ role: string; id: number; updatedAt: Date; updatedBy: string | null; analyticsAccess: boolean; analyticsScope: string; userMgmtAccess: boolean; userMgmtScope: string; userMgmtCreate: boolean; ... 41 more ...; engagementCentreScope: string; }'.
src/app/permission-actions.ts(152,45): error TS2339: Property 'userManagement' does not exist on type '{ role: string; id: number; updatedAt: Date; updatedBy: string | null; analyticsAccess: boolean; analyticsScope: string; userMgmtAccess: boolean; userMgmtScope: string; userMgmtCreate: boolean; ... 41 more ...; engagementCentreScope: string; }'.
src/app/permission-actions.ts(153,43): error TS2339: Property 'userManagement' does not exist on type '{ role: string; id: number; updatedAt: Date; updatedBy: string | null; analyticsAccess: boolean; analyticsScope: string; userMgmtAccess: boolean; userMgmtScope: string; userMgmtCreate: boolean; ... 41 more ...; engagementCentreScope: string; }'.
src/app/permission-actions.ts(154,45): error TS2339: Property 'userManagement' does not exist on type '{ role: string; id: number; updatedAt: Date; updatedBy: string | null; analyticsAccess: boolean; analyticsScope: string; userMgmtAccess: boolean; userMgmtScope: string; userMgmtCreate: boolean; ... 41 more ...; engagementCentreScope: string; }'.
src/app/permission-actions.ts(155,48): error TS2339: Property 'studentManagement' does not exist on type '{ role: string; id: number; updatedAt: Date; updatedBy: string | null; analyticsAccess: boolean; analyticsScope: string; userMgmtAccess: boolean; userMgmtScope: string; userMgmtCreate: boolean; ... 41 more ...; engagementCentreScope: string; }'.
src/app/permission-actions.ts(156,47): error TS2339: Property 'studentManagement' does not exist on type '{ role: string; id: number; updatedAt: Date; updatedBy: string | null; analyticsAccess: boolean; analyticsScope: string; userMgmtAccess: boolean; userMgmtScope: string; userMgmtCreate: boolean; ... 41 more ...; engagementCentreScope: string; }'.
src/app/permission-actions.ts(157,48): error TS2339: Property 'studentManagement' does not exist on type '{ role: string; id: number; updatedAt: Date; updatedBy: string | null; analyticsAccess: boolean; analyticsScope: string; userMgmtAccess: boolean; userMgmtScope: string; userMgmtCreate: boolean; ... 41 more ...; engagementCentreScope: string; }'.
src/app/permission-actions.ts(158,46): error TS2339: Property 'studentManagement' does not exist on type '{ role: string; id: number; updatedAt: Date; updatedBy: string | null; analyticsAccess: boolean; analyticsScope: string; userMgmtAccess: boolean; userMgmtScope: string; userMgmtCreate: boolean; ... 41 more ...; engagementCentreScope: string; }'.
src/app/permission-actions.ts(159,48): error TS2339: Property 'studentManagement' does not exist on type '{ role: string; id: number; updatedAt: Date; updatedBy: string | null; analyticsAccess: boolean; analyticsScope: string; userMgmtAccess: boolean; userMgmtScope: string; userMgmtCreate: boolean; ... 41 more ...; engagementCentreScope: string; }'.
src/app/permission-actions.ts(160,46): error TS2339: Property 'adminManagement' does not exist on type '{ role: string; id: number; updatedAt: Date; updatedBy: string | null; analyticsAccess: boolean; analyticsScope: string; userMgmtAccess: boolean; userMgmtScope: string; userMgmtCreate: boolean; ... 41 more ...; engagementCentreScope: string; }'.
src/app/permission-actions.ts(161,45): error TS2339: Property 'adminManagement' does not exist on type '{ role: string; id: number; updatedAt: Date; updatedBy: string | null; analyticsAccess: boolean; analyticsScope: string; userMgmtAccess: boolean; userMgmtScope: string; userMgmtCreate: boolean; ... 41 more ...; engagementCentreScope: string; }'.
src/app/permission-actions.ts(162,46): error TS2339: Property 'adminManagement' does not exist on type '{ role: string; id: number; updatedAt: Date; updatedBy: string | null; analyticsAccess: boolean; analyticsScope: string; userMgmtAccess: boolean; userMgmtScope: string; userMgmtCreate: boolean; ... 41 more ...; engagementCentreScope: string; }'.
src/app/permission-actions.ts(163,44): error TS2339: Property 'adminManagement' does not exist on type '{ role: string; id: number; updatedAt: Date; updatedBy: string | null; analyticsAccess: boolean; analyticsScope: string; userMgmtAccess: boolean; userMgmtScope: string; userMgmtCreate: boolean; ... 41 more ...; engagementCentreScope: string; }'.
src/app/permission-actions.ts(164,46): error TS2339: Property 'adminManagement' does not exist on type '{ role: string; id: number; updatedAt: Date; updatedBy: string | null; analyticsAccess: boolean; analyticsScope: string; userMgmtAccess: boolean; userMgmtScope: string; userMgmtCreate: boolean; ... 41 more ...; engagementCentreScope: string; }'.
src/app/permission-actions.ts(165,47): error TS2339: Property 'campusPerformance' does not exist on type '{ role: string; id: number; updatedAt: Date; updatedBy: string | null; analyticsAccess: boolean; analyticsScope: string; userMgmtAccess: boolean; userMgmtScope: string; userMgmtCreate: boolean; ... 41 more ...; engagementCentreScope: string; }'.
src/app/permission-actions.ts(166,46): error TS2339: Property 'campusPerformance' does not exist on type '{ role: string; id: number; updatedAt: Date; updatedBy: string | null; analyticsAccess: boolean; analyticsScope: string; userMgmtAccess: boolean; userMgmtScope: string; userMgmtCreate: boolean; ... 41 more ...; engagementCentreScope: string; }'.
src/app/permission-actions.ts(167,44): error TS2339: Property 'reports' does not exist on type '{ role: string; id: number; updatedAt: Date; updatedBy: string | null; analyticsAccess: boolean; analyticsScope: string; userMgmtAccess: boolean; userMgmtScope: string; userMgmtCreate: boolean; ... 41 more ...; engagementCentreScope: string; }'.
src/app/permission-actions.ts(168,43): error TS2339: Property 'reports' does not exist on type '{ role: string; id: number; updatedAt: Date; updatedBy: string | null; analyticsAccess: boolean; analyticsScope: string; userMgmtAccess: boolean; userMgmtScope: string; userMgmtCreate: boolean; ... 41 more ...; engagementCentreScope: string; }'.
src/app/permission-actions.ts(169,48): error TS2339: Property 'settlements' does not exist on type '{ role: string; id: number; updatedAt: Date; updatedBy: string | null; analyticsAccess: boolean; analyticsScope: string; userMgmtAccess: boolean; userMgmtScope: string; userMgmtCreate: boolean; ... 41 more ...; engagementCentreScope: string; }'.
src/app/permission-actions.ts(170,47): error TS2339: Property 'settlements' does not exist on type '{ role: string; id: number; updatedAt: Date; updatedBy: string | null; analyticsAccess: boolean; analyticsScope: string; userMgmtAccess: boolean; userMgmtScope: string; userMgmtCreate: boolean; ... 41 more ...; engagementCentreScope: string; }'.
src/app/permission-actions.ts(171,49): error TS2339: Property 'marketingKit' does not exist on type '{ role: string; id: number; updatedAt: Date; updatedBy: string | null; analyticsAccess: boolean; analyticsScope: string; userMgmtAccess: boolean; userMgmtScope: string; userMgmtCreate: boolean; ... 41 more ...; engagementCentreScope: string; }'.
src/app/permission-actions.ts(172,48): error TS2339: Property 'marketingKit' does not exist on type '{ role: string; id: number; updatedAt: Date; updatedBy: string | null; analyticsAccess: boolean; analyticsScope: string; userMgmtAccess: boolean; userMgmtScope: string; userMgmtCreate: boolean; ... 41 more ...; engagementCentreScope: string; }'.
src/app/permission-actions.ts(173,45): error TS2339: Property 'auditLog' does not exist on type '{ role: string; id: number; updatedAt: Date; updatedBy: string | null; analyticsAccess: boolean; analyticsScope: string; userMgmtAccess: boolean; userMgmtScope: string; userMgmtCreate: boolean; ... 41 more ...; engagementCentreScope: string; }'.
src/app/permission-actions.ts(174,44): error TS2339: Property 'auditLog' does not exist on type '{ role: string; id: number; updatedAt: Date; updatedBy: string | null; analyticsAccess: boolean; analyticsScope: string; userMgmtAccess: boolean; userMgmtScope: string; userMgmtCreate: boolean; ... 41 more ...; engagementCentreScope: string; }'.
src/app/permission-actions.ts(175,48): error TS2339: Property 'supportDesk' does not exist on type '{ role: string; id: number; updatedAt: Date; updatedBy: string | null; analyticsAccess: boolean; analyticsScope: string; userMgmtAccess: boolean; userMgmtScope: string; userMgmtCreate: boolean; ... 41 more ...; engagementCentreScope: string; }'.
src/app/permission-actions.ts(176,47): error TS2339: Property 'supportDesk' does not exist on type '{ role: string; id: number; updatedAt: Date; updatedBy: string | null; analyticsAccess: boolean; analyticsScope: string; userMgmtAccess: boolean; userMgmtScope: string; userMgmtCreate: boolean; ... 41 more ...; engagementCentreScope: string; }'.
src/app/permission-actions.ts(177,45): error TS2339: Property 'settings' does not exist on type '{ role: string; id: number; updatedAt: Date; updatedBy: string | null; analyticsAccess: boolean; analyticsScope: string; userMgmtAccess: boolean; userMgmtScope: string; userMgmtCreate: boolean; ... 41 more ...; engagementCentreScope: string; }'.
src/app/permission-actions.ts(178,44): error TS2339: Property 'settings' does not exist on type '{ role: string; id: number; updatedAt: Date; updatedBy: string | null; analyticsAccess: boolean; analyticsScope: string; userMgmtAccess: boolean; userMgmtScope: string; userMgmtCreate: boolean; ... 41 more ...; engagementCentreScope: string; }'.
src/app/permission-actions.ts(179,48): error TS2339: Property 'deletionHub' does not exist on type '{ role: string; id: number; updatedAt: Date; updatedBy: string | null; analyticsAccess: boolean; analyticsScope: string; userMgmtAccess: boolean; userMgmtScope: string; userMgmtCreate: boolean; ... 41 more ...; engagementCentreScope: string; }'.
src/app/permission-actions.ts(180,47): error TS2339: Property 'deletionHub' does not exist on type '{ role: string; id: number; updatedAt: Date; updatedBy: string | null; analyticsAccess: boolean; analyticsScope: string; userMgmtAccess: boolean; userMgmtScope: string; userMgmtCreate: boolean; ... 41 more ...; engagementCentreScope: string; }'.
src/app/permission-actions.ts(181,55): error TS2551: Property 'referralSubmission' does not exist on type '{ role: string; id: number; updatedAt: Date; updatedBy: string | null; analyticsAccess: boolean; analyticsScope: string; userMgmtAccess: boolean; userMgmtScope: string; userMgmtCreate: boolean; ... 41 more ...; engagementCentreScope: string; }'. Did you mean 'referralSubmissionScope'?
src/app/permission-actions.ts(182,54): error TS2551: Property 'referralSubmission' does not exist on type '{ role: string; id: number; updatedAt: Date; updatedBy: string | null; analyticsAccess: boolean; analyticsScope: string; userMgmtAccess: boolean; userMgmtScope: string; userMgmtCreate: boolean; ... 41 more ...; engagementCentreScope: string; }'. Did you mean 'referralSubmissionScope'?
src/app/permission-actions.ts(183,53): error TS2551: Property 'referralTracking' does not exist on type '{ role: string; id: number; updatedAt: Date; updatedBy: string | null; analyticsAccess: boolean; analyticsScope: string; userMgmtAccess: boolean; userMgmtScope: string; userMgmtCreate: boolean; ... 41 more ...; engagementCentreScope: string; }'. Did you mean 'referralTrackingScope'?
src/app/permission-actions.ts(184,52): error TS2551: Property 'referralTracking' does not exist on type '{ role: string; id: number; updatedAt: Date; updatedBy: string | null; analyticsAccess: boolean; analyticsScope: string; userMgmtAccess: boolean; userMgmtScope: string; userMgmtCreate: boolean; ... 41 more ...; engagementCentreScope: string; }'. Did you mean 'referralTrackingScope'?
src/app/permission-actions.ts(185,54): error TS2551: Property 'savingsCalculator' does not exist on type '{ role: string; id: number; updatedAt: Date; updatedBy: string | null; analyticsAccess: boolean; analyticsScope: string; userMgmtAccess: boolean; userMgmtScope: string; userMgmtCreate: boolean; ... 41 more ...; engagementCentreScope: string; }'. Did you mean 'savingsCalculatorScope'?
src/app/permission-actions.ts(186,53): error TS2551: Property 'savingsCalculator' does not exist on type '{ role: string; id: number; updatedAt: Date; updatedBy: string | null; analyticsAccess: boolean; analyticsScope: string; userMgmtAccess: boolean; userMgmtScope: string; userMgmtCreate: boolean; ... 41 more ...; engagementCentreScope: string; }'. Did you mean 'savingsCalculatorScope'?
src/app/permission-actions.ts(187,48): error TS2339: Property 'rulesAccess' does not exist on type '{ role: string; id: number; updatedAt: Date; updatedBy: string | null; analyticsAccess: boolean; analyticsScope: string; userMgmtAccess: boolean; userMgmtScope: string; userMgmtCreate: boolean; ... 41 more ...; engagementCentreScope: string; }'.
src/app/permission-actions.ts(188,47): error TS2339: Property 'rulesAccess' does not exist on type '{ role: string; id: number; updatedAt: Date; updatedBy: string | null; analyticsAccess: boolean; analyticsScope: string; userMgmtAccess: boolean; userMgmtScope: string; userMgmtCreate: boolean; ... 41 more ...; engagementCentreScope: string; }'.
src/app/permission-actions.ts(189,50): error TS2339: Property 'passwordReset' does not exist on type '{ role: string; id: number; updatedAt: Date; updatedBy: string | null; analyticsAccess: boolean; analyticsScope: string; userMgmtAccess: boolean; userMgmtScope: string; userMgmtCreate: boolean; ... 41 more ...; engagementCentreScope: string; }'.
src/app/permission-actions.ts(190,49): error TS2339: Property 'passwordReset' does not exist on type '{ role: string; id: number; updatedAt: Date; updatedBy: string | null; analyticsAccess: boolean; analyticsScope: string; userMgmtAccess: boolean; userMgmtScope: string; userMgmtCreate: boolean; ... 41 more ...; engagementCentreScope: string; }'.
src/app/permission-actions.ts(191,50): error TS2339: Property 'feeManagement' does not exist on type '{ role: string; id: number; updatedAt: Date; updatedBy: string | null; analyticsAccess: boolean; analyticsScope: string; userMgmtAccess: boolean; userMgmtScope: string; userMgmtCreate: boolean; ... 41 more ...; engagementCentreScope: string; }'.
src/app/permission-actions.ts(192,49): error TS2339: Property 'feeManagement' does not exist on type '{ role: string; id: number; updatedAt: Date; updatedBy: string | null; analyticsAccess: boolean; analyticsScope: string; userMgmtAccess: boolean; userMgmtScope: string; userMgmtCreate: boolean; ... 41 more ...; engagementCentreScope: string; }'.
src/app/permission-actions.ts(193,53): error TS2551: Property 'engagementCentre' does not exist on type '{ role: string; id: number; updatedAt: Date; updatedBy: string | null; analyticsAccess: boolean; analyticsScope: string; userMgmtAccess: boolean; userMgmtScope: string; userMgmtCreate: boolean; ... 41 more ...; engagementCentreScope: string; }'. Did you mean 'engagementCentreScope'?
src/app/permission-actions.ts(194,52): error TS2551: Property 'engagementCentre' does not exist on type '{ role: string; id: number; updatedAt: Date; updatedBy: string | null; analyticsAccess: boolean; analyticsScope: string; userMgmtAccess: boolean; userMgmtScope: string; userMgmtCreate: boolean; ... 41 more ...; engagementCentreScope: string; }'. Did you mean 'engagementCentreScope'?
src/app/permission-actions.ts(202,108): error TS2345: Argument of type '{ permissions: { role: string; id: number; updatedAt: Date; updatedBy: string | null; analyticsAccess: boolean; analyticsScope: string; userMgmtAccess: boolean; userMgmtScope: string; ... 42 more ...; engagementCentreScope: string; }; }' is not assignable to parameter of type 'string | number | null | undefined'.
src/app/reset-actions.ts(56,49): error TS2339: Property 'adminName' does not exist on type '{ userId: number; campusId: number | null; fullName: string; mobileNumber: string; role: string; assignedCampus: string | null; createdAt: Date; profileImage: string | null; email: string | null; ... 5 more ...; adminName: string; } | { ...; } | { ...; }'.
  Property 'adminName' does not exist on type '{ assignedCampus: string; role: string; userId: number; fullName: string; mobileNumber: string; childInAchariya: boolean; childName: string | null; grade: string | null; campusId: number | null; ... 22 more ...; benefitStatus: AccountStatus; }'.
src/app/student-actions.ts(404,33): error TS2322: Type '"Student"' is not assignable to type 'UserRole | NestedEnumUserRoleFilter<"User"> | undefined'.
src/components/superadmin/ImportDataPanel.tsx(41,29): error TS2322: Type 'number | undefined' is not assignable to type 'number'.
  Type 'undefined' is not assignable to type 'number'.
src/components/superadmin/PermissionsMatrix.tsx(81,17): error TS7053: Element implicitly has an 'any' type because expression of type 'string' can't be used to index type '{ role: string; id: number; updatedAt: Date; updatedBy: string | null; analyticsAccess: boolean; analyticsScope: string; userMgmtAccess: boolean; userMgmtScope: string; userMgmtCreate: boolean; ... 41 more ...; engagementCentreScope: string; }'.
  No index signature with a parameter of type 'string' was found on type '{ role: string; id: number; updatedAt: Date; updatedBy: string | null; analyticsAccess: boolean; analyticsScope: string; userMgmtAccess: boolean; userMgmtScope: string; userMgmtCreate: boolean; ... 41 more ...; engagementCentreScope: string; }'.
src/components/superadmin/PermissionsMatrix.tsx(81,54): error TS7053: Element implicitly has an 'any' type because expression of type 'string' can't be used to index type '{ role: string; id: number; updatedAt: Date; updatedBy: string | null; analyticsAccess: boolean; analyticsScope: string; userMgmtAccess: boolean; userMgmtScope: string; userMgmtCreate: boolean; ... 41 more ...; engagementCentreScope: string; }'.
  No index signature with a parameter of type 'string' was found on type '{ role: string; id: number; updatedAt: Date; updatedBy: string | null; analyticsAccess: boolean; analyticsScope: string; userMgmtAccess: boolean; userMgmtScope: string; userMgmtCreate: boolean; ... 41 more ...; engagementCentreScope: string; }'.
src/components/superadmin/PermissionsMatrix.tsx(82,17): error TS7053: Element implicitly has an 'any' type because expression of type 'string' can't be used to index type '{ role: string; id: number; updatedAt: Date; updatedBy: string | null; analyticsAccess: boolean; analyticsScope: string; userMgmtAccess: boolean; userMgmtScope: string; userMgmtCreate: boolean; ... 41 more ...; engagementCentreScope: string; }'.
  No index signature with a parameter of type 'string' was found on type '{ role: string; id: number; updatedAt: Date; updatedBy: string | null; analyticsAccess: boolean; analyticsScope: string; userMgmtAccess: boolean; userMgmtScope: string; userMgmtCreate: boolean; ... 41 more ...; engagementCentreScope: string; }'.
src/components/superadmin/PermissionsMatrix.tsx(82,55): error TS7053: Element implicitly has an 'any' type because expression of type 'string' can't be used to index type '{ role: string; id: number; updatedAt: Date; updatedBy: string | null; analyticsAccess: boolean; analyticsScope: string; userMgmtAccess: boolean; userMgmtScope: string; userMgmtCreate: boolean; ... 41 more ...; engagementCentreScope: string; }'.
  No index signature with a parameter of type 'string' was found on type '{ role: string; id: number; updatedAt: Date; updatedBy: string | null; analyticsAccess: boolean; analyticsScope: string; userMgmtAccess: boolean; userMgmtScope: string; userMgmtCreate: boolean; ... 41 more ...; engagementCentreScope: string; }'.
src/components/superadmin/PermissionsMatrix.tsx(85,17): error TS7053: Element implicitly has an 'any' type because expression of type 'string' can't be used to index type '{ role: string; id: number; updatedAt: Date; updatedBy: string | null; analyticsAccess: boolean; analyticsScope: string; userMgmtAccess: boolean; userMgmtScope: string; userMgmtCreate: boolean; ... 41 more ...; engagementCentreScope: string; }'.
  No index signature with a parameter of type 'string' was found on type '{ role: string; id: number; updatedAt: Date; updatedBy: string | null; analyticsAccess: boolean; analyticsScope: string; userMgmtAccess: boolean; userMgmtScope: string; userMgmtCreate: boolean; ... 41 more ...; engagementCentreScope: string; }'.
src/components/superadmin/PermissionsMatrix.tsx(86,17): error TS7053: Element implicitly has an 'any' type because expression of type 'string' can't be used to index type '{ role: string; id: number; updatedAt: Date; updatedBy: string | null; analyticsAccess: boolean; analyticsScope: string; userMgmtAccess: boolean; userMgmtScope: string; userMgmtCreate: boolean; ... 41 more ...; engagementCentreScope: string; }'.
  No index signature with a parameter of type 'string' was found on type '{ role: string; id: number; updatedAt: Date; updatedBy: string | null; analyticsAccess: boolean; analyticsScope: string; userMgmtAccess: boolean; userMgmtScope: string; userMgmtCreate: boolean; ... 41 more ...; engagementCentreScope: string; }'.
src/components/superadmin/PermissionsMatrix.tsx(86,54): error TS7053: Element implicitly has an 'any' type because expression of type 'string' can't be used to index type '{ role: string; id: number; updatedAt: Date; updatedBy: string | null; analyticsAccess: boolean; analyticsScope: string; userMgmtAccess: boolean; userMgmtScope: string; userMgmtCreate: boolean; ... 41 more ...; engagementCentreScope: string; }'.
  No index signature with a parameter of type 'string' was found on type '{ role: string; id: number; updatedAt: Date; updatedBy: string | null; analyticsAccess: boolean; analyticsScope: string; userMgmtAccess: boolean; userMgmtScope: string; userMgmtCreate: boolean; ... 41 more ...; engagementCentreScope: string; }'.
src/components/superadmin/PermissionsMatrix.tsx(95,14): error TS7053: Element implicitly has an 'any' type because expression of type 'string' can't be used to index type '{ role: string; id: number; updatedAt: Date; updatedBy: string | null; analyticsAccess: boolean; analyticsScope: string; userMgmtAccess: boolean; userMgmtScope: string; userMgmtCreate: boolean; ... 41 more ...; engagementCentreScope: string; }'.
  No index signature with a parameter of type 'string' was found on type '{ role: string; id: number; updatedAt: Date; updatedBy: string | null; analyticsAccess: boolean; analyticsScope: string; userMgmtAccess: boolean; userMgmtScope: string; userMgmtCreate: boolean; ... 41 more ...; engagementCentreScope: string; }'.
src/components/superadmin/PermissionsMatrix.tsx(103,9): error TS7053: Element implicitly has an 'any' type because expression of type 'string' can't be used to index type '{ role: string; id: number; updatedAt: Date; updatedBy: string | null; analyticsAccess: boolean; analyticsScope: string; userMgmtAccess: boolean; userMgmtScope: string; userMgmtCreate: boolean; ... 41 more ...; engagementCentreScope: string; }'.
  No index signature with a parameter of type 'string' was found on type '{ role: string; id: number; updatedAt: Date; updatedBy: string | null; analyticsAccess: boolean; analyticsScope: string; userMgmtAccess: boolean; userMgmtScope: string; userMgmtCreate: boolean; ... 41 more ...; engagementCentreScope: string; }'.
src/components/superadmin/ReferralPanel.tsx(56,17): error TS2322: Type '{ initialSearch: string; referrals: any[]; confirmReferral: (leadId: number) => Promise<void>; convertLeadToStudent: (leadId: number, studentDetails: { studentName: string; section?: string | undefined; rollNumber?: string | undefined; }) => Promise<...>; isSuperAdmin: boolean; }' is not assignable to type 'IntrinsicAttributes & ReferralTableProps'.
  Property 'initialSearch' does not exist on type 'IntrinsicAttributes & ReferralTableProps'.
src/components/superadmin/SecurityPanel.tsx(21,17): error TS2339: Property 'success' does not exist on type '{ id: number; updatedAt: Date; updatedBy: string | null; sessionTimeoutMinutes: number; maxLoginAttempts: number; passwordResetExpiryHours: number; twoFactorAuthEnabled: boolean; ipWhitelist: string | null; } | { ...; }'.
  Property 'success' does not exist on type '{ id: number; updatedAt: Date; updatedBy: string | null; sessionTimeoutMinutes: number; maxLoginAttempts: number; passwordResetExpiryHours: number; twoFactorAuthEnabled: boolean; ipWhitelist: string | null; }'.
src/components/superadmin/SecurityPanel.tsx(21,32): error TS2339: Property 'settings' does not exist on type '{ id: number; updatedAt: Date; updatedBy: string | null; sessionTimeoutMinutes: number; maxLoginAttempts: number; passwordResetExpiryHours: number; twoFactorAuthEnabled: boolean; ipWhitelist: string | null; } | { ...; }'.
  Property 'settings' does not exist on type '{ id: number; updatedAt: Date; updatedBy: string | null; sessionTimeoutMinutes: number; maxLoginAttempts: number; passwordResetExpiryHours: number; twoFactorAuthEnabled: boolean; ipWhitelist: string | null; }'.
src/components/superadmin/SecurityPanel.tsx(22,29): error TS2339: Property 'settings' does not exist on type '{ id: number; updatedAt: Date; updatedBy: string | null; sessionTimeoutMinutes: number; maxLoginAttempts: number; passwordResetExpiryHours: number; twoFactorAuthEnabled: boolean; ipWhitelist: string | null; } | { ...; }'.
  Property 'settings' does not exist on type '{ id: number; updatedAt: Date; updatedBy: string | null; sessionTimeoutMinutes: number; maxLoginAttempts: number; passwordResetExpiryHours: number; twoFactorAuthEnabled: boolean; ipWhitelist: string | null; }'.
src/components/superadmin/SecurityPanel.tsx(54,29): error TS2339: Property 'settings' does not exist on type '{ success: boolean; error: string; } | { success: boolean; error?: undefined; }'.
  Property 'settings' does not exist on type '{ success: boolean; error: string; }'.
src/components/superadmin/SecurityPanel.tsx(71,29): error TS2339: Property 'settings' does not exist on type '{ success: boolean; error: string; } | { success: boolean; error?: undefined; }'.
  Property 'settings' does not exist on type '{ success: boolean; error: string; }'.
src/components/superadmin/SecurityPanel.tsx(86,52): error TS2353: Object literal may only specify known properties, and 'maintenanceMode' does not exist in type '{ sessionTimeoutMinutes?: number | undefined; maxLoginAttempts?: number | undefined; passwordResetExpiryHours?: number | undefined; twoFactorAuthEnabled?: boolean | undefined; ipWhitelist?: string | undefined; }'.
src/components/superadmin/SecurityPanel.tsx(89,29): error TS2339: Property 'settings' does not exist on type '{ success: boolean; error: string; } | { success: boolean; error?: undefined; }'.
  Property 'settings' does not exist on type '{ success: boolean; error: string; }'.
src/types/index.ts(1,155): error TS2724: '"@prisma/client"' has no exported member named 'ModulePermission'. Did you mean 'RolePermissions'?
